Seeding demo data into localhost:5433/vcarbon (environment: development)

[ 1] Resetting the database (drop and recreate every table)
     - 64 tables recreated

[ 2] Creating the organisation and user accounts (direct insert: there is no public sign-up)
     - organisation 'Varsapradaya Agri Carbon' (varsapradaya) and 13 accounts
D:\Desktop\organic carbon\carbon-platform\.venv\Lib\site-packages\fastapi\testclient.py:1: StarletteDeprecationWarning: Using `httpx` with `starlette.testclient` is deprecated; install `httpx2` instead.
  from starlette.testclient import TestClient as TestClient  # noqa

[ 3] Catalogue defaults
     - 13 crops and 14 practice types installed

[ 4] Programme and project
     - programme KRS and project KRS-P1 active

[ 5] Methodology rule pack (entered by one scientist, approved by another)
     - 27 rules entered by Dr. Meera Iyer, approved by Dr. Suresh Hegde, assigned to KRS-P1

[ 6] FPOs, farmers, member lookup
     - 2 FPOs, 18 farmers, 8 linked to Varsapradaya membership
     - farmer@example.com linked to Basavaraj Patil (scope + Farmer.user_id)

[ 7] Participation agreement (en + kn) signed by every farmer via OTP
     - template KRS-PA v1 published; 18 agreements signed (Basavaraj signed himself)

[ 8] Farms, fields, land-use history and enrolment
     - 18 farms, 32 fields (coffee: 12, maize: 10, rice: 10), 124.9 ha
     - land-use 2012–2026 recorded for every field (7 with an RTC extract PDF)
     - 32 fields checked for eligibility and enrolled in KRS-P1

[ 9] Strata (zones) by crop
     - S-COF Coffee — Kodagu uplands: 12 fields, 44.7 ha
     - S-MAZ Maize — Hassan plains: 10 fields, 43.9 ha
     - S-RIC Rice — Mandya irrigated: 10 fields, 36.4 ha

[10] Laboratory
     - Soil Health Laboratory, Bengaluru (NABL, valid to 2027-12-31); labtech@ scoped to it

[11] Campaign BL22 — Baseline 2022
     - plan S-COF: n=12 by Divya Shetty, approved by Dr. Meera Iyer
     - plan S-MAZ: n=10 by Divya Shetty, approved by Dr. Meera Iyer
     - plan S-RIC: n=10 by Divya Shetty, approved by Dr. Meera Iyer
     - 32 points placed (seed 2201101); 22 to Ravi Kumar, 10 to Manjunath B.
     - 32 cores collected 03 Nov–16 Dec 2022, 3 photos each, 3 layers (0–10, 10–20, 20–30 cm)
     - custody chain collected→packed→dispatched→courier_received→lab_received→opened→analysed; batch LB-BL22-01 (96 bags)
     - 288 lab results entered by Lakshmi Nair with PDF certificates, accepted by Arun Prakash

[12] Campaign MON26 — Monitoring 2026
     - plan S-COF: n=12 by Divya Shetty, approved by Dr. Meera Iyer
     - plan S-MAZ: n=10 by Divya Shetty, approved by Dr. Meera Iyer
     - plan S-RIC: n=10 by Divya Shetty, approved by Dr. Meera Iyer
     - 32 points placed (seed 2600202); 22 to Ravi Kumar, 10 to Manjunath B.
     - 32 cores collected 03 Feb–13 Mar 2026, 3 photos each, 3 layers (0–10, 10–20, 20–30 cm)
     - custody chain collected→packed→dispatched→courier_received→lab_received→opened→analysed; batch LB-MON26-01 (96 bags)
     - 288 lab results entered by Lakshmi Nair with PDF certificates, accepted by Arun Prakash

[13] Practice records (project 2023–2025, baseline 2021)
     - 126 practice records by Ravi Kumar, each with a photo

[14] Project terms for 2022–2026 (entered by the analyst, approved by a scientist)
     - baseline_scenario: -38.5 tCO2e (variance 90) — approved by Dr. Meera Iyer
     - project_emissions: +21.4 tCO2e (variance 12) — approved by Dr. Meera Iyer
     - leakage: +6.2 tCO2e (variance 3) — approved by Dr. Meera Iyer
     - baseline_emissions not entered: the pack says it is not required

[15] Quality checks
     - QA run: {'info': 0, 'warning': 0, 'error': 0, 'blocking': 0}
     - 0 non-blocking finding(s) resolved with notes; blocking = 0, can_calculate = True

[16] Calculation 2022–2026 (BL22 vs MON26)
     - run by Divya Shetty, approved by Karthik Gowda (0 post-run finding(s) resolved)
     - gross 1619.5 − uncertainty 47.1 − buffer 234.9 = net 1331.3 tCO2e (reductions 14.1, removals 1317.2)

[17] Verification package and verifier access
     - package v1 issued by Karthik Gowda; 30-day access for Priya Sharma (Bureau Veritas, demo); 1 query raised and answered

[18] Devices, supporting data, satellite, practice detection
     - 9 devices (6 SoilSync, 3 MicroClime); 1 offline
     - supporting data 2026-06-03..2026-09-30: 38400 observations for 32 fields
     - satellite indices 2025-01-01..2026-09-30: 10726 observations (two windows ≤ 400 days)
     - practice detection 2025 season: 32 checks {'confirmed': 18, 'mismatch': 14}

[19] SOC prediction model and map
     - trained by Dr. Meera Iyer on 32 rows / 15 farms, features ['ndvi_mean', 'elevation_m', 'clay_pct', 'practice_count']; CV RMSE 0.276, R² 0.76
     - approved by Dr. Suresh Hegde; SOC map for 32 fields (sample next: FLD-000015, FLD-000007, FLD-000018, FLD-000013, FLD-000023)

[20] Credit batch, issuance, buyer and sales
     - batch CB-2026-001 (vintage 2026): 14.06 t reductions + 1317.23 t removals, issued on Verra VCS-DEMO-4821 serials ...-0001 to ...-1331
     - buyer GreenLeaf Foods Pvt Ltd linked to buyer@; sale S-2026-001 790 t × ₹1,650 contracted (GLF-OFT-2026-07) and delivered; sale S-2026-002 105 t reserved

[21] Benefit sharing and payouts
     - rule v1 by Nisha Menon, approved by Rahul Desai; pool on S-2026-001
     - 17 UPI payment profiles verified (Siddaraju T. has a failing UPI id; Ramesh Honnegowda has none)
     - payout batch PB-2026-001 approved by Rahul Desai and submitted: {'paid': 16, 'failed': 1, 'on_hold': 1}; paid ₹636045.42

[22] Risk events and grievances
     - risk: 1 open (farmer_exit, medium), 1 resolved (flood); grievances: 3 (1 resolved, 1 open high, 1 from the farmer app)

[23] Partner integration
     - API key 'FarmFuture integration' (read) and webhook https://example.com/hooks/vcarbon

[24] Millets pilot (KRS-P2): baseline campaign in fieldwork for the field app
     - KRS-P2 with 5 millet fields; BL26-MIL in fieldwork, 6 points assigned to Ravi Kumar, 2 collected

[25] Checking key screens through GET calls
     - ok  farmers >= 18
     - ok  fields >= 30
     - ok  approved run
     - ok  verification package
     - ok  issued credit batch
     - ok  payout batch submitted
     - ok  samples
     - ok  buyer portfolio
     - ok  farmer statement
     - ok  verifier portal

================================================================================================
Varsapradaya Carbon demo dataset — Varsapradaya Agri Carbon (varsapradaya)
================================================================================================

All accounts use the password: Demo-Pass-2026!

  Email                     Role                Name
  ----------------------------------------------------------------------
  admin@example.com         platform_admin      Anita Rao
  programme@example.com     programme_admin     Karthik Gowda
  scientist@example.com     methodology_owner   Dr. Meera Iyer
  scientist2@example.com    methodology_owner   Dr. Suresh Hegde
  analyst@example.com       mrv_analyst         Divya Shetty
  collector@example.com     field_collector     Ravi Kumar
  collector2@example.com    field_collector     Manjunath B.
  labtech@example.com       lab_technician      Lakshmi Nair
  labmanager@example.com    lab_manager         Arun Prakash
  buyer@example.com         buyer               Sarah Thomas
  finance@example.com       finance_maker       Nisha Menon
  approver@example.com      finance_checker     Rahul Desai
  farmer@example.com        farmer              Basavaraj Patil

Key counts
  farmers 18 · fields 37 (124.9 ha) · strata 3 · agreements 18
  campaigns 2 · samples 64 · layers 192 · lab results 576 (all accepted, each with a PDF certificate)
  practice records 126 · photos 318 · devices 9 · supporting observations 38400 · satellite 10726 · detections 32

Headline credits — run 3570552a-339d-4769-8f9b-14cfde07097c (2022–2026, approved)
  gross                    1619.47 tCO2e
  uncertainty deduction      47.05 tCO2e
  buffer (15%)              234.93 tCO2e
  NET CREDITS              1331.29 tCO2e
    reductions               14.06 tCO2e
    removals               1317.23 tCO2e
  credit batch CB-2026-001 issued; sale S-2026-001 delivered (790 t × ₹1,650), sale S-2026-002 reserved (105 t)
  payout batch PB-2026-001: partially_failed

Verifier link (valid 30 days, shown only once):
  http://localhost:4200/verify#token=nyB278J1njC_MiLc0l4OYZVGZ9rGViDQLfCNg3SBjAs

Built in 104 s with 3134 API calls.
================================================================================================

Accounts and verifier link written to D:\Desktop\organic carbon\carbon-platform\api\var\demo_accounts.txt
