❯ Building...
✔ Building...
Initial chunk files | Names                |  Raw size
styles.css          | styles               | 111.22 kB | 
chunk-6I3PXNL2.js   | -                    |  81.99 kB | 
main.js             | main                 |  71.62 kB | 
chunk-NJZPQ7QN.js   | -                    |  13.81 kB | 
chunk-QWDLKXTW.js   | -                    |   5.64 kB | 
chunk-EOW6SBC5.js   | -                    |   4.93 kB | 
chunk-S2M6FAMK.js   | -                    |   1.97 kB | 
chunk-U5ZFWOF5.js   | -                    |   1.54 kB | 

                    | Initial total        | 292.73 kB

Lazy chunk files    | Names                |  Raw size
chunk-NHOTMASF.js   | field-app-routes     | 316.20 kB | 
chunk-PZQ5MZUW.js   | sampling-routes      | 299.91 kB | 
chunk-VXJXRUQL.js   | fields-routes        | 264.49 kB | 
chunk-7MTTS5QW.js   | lab-routes           | 260.20 kB | 
chunk-HYFOOKDM.js   | calculations-routes  | 234.82 kB | 
chunk-34ZACSX2.js   | methodology-routes   | 194.33 kB | 
chunk-EQRG3RI6.js   | benefits-routes      | 191.16 kB | 
chunk-KUZJ4GZ3.js   | models-routes        | 188.52 kB | 
chunk-SXAXRIHQ.js   | programmes-routes    | 185.25 kB | 
chunk-O35SWTHS.js   | farmers-routes       | 178.73 kB | 
chunk-QSUSYYNV.js   | verifier-routes      | 160.91 kB | 
chunk-TNT3P4ZL.js   | farmer-portal-routes | 156.69 kB | 
chunk-DPEKV4BA.js   | supporting-routes    | 147.34 kB | 
chunk-Z2Y6LEBB.js   | practices-routes     | 144.69 kB | 
chunk-PK3VQC6H.js   | partners-routes      | 132.38 kB | 
...and 30 more lazy chunks files. Use "--verbose" to show all the files.

Application bundle generation complete. [10.596 seconds] - 2026-09-30T12:16:34.887Z

[33m▲ [43;33m[[43;30mWARNING[43;33m][0m [1mNG8113: All imports are unused[0m [1m[35m[plugin angular-compiler][0m

    D:/Desktop/organic carbon/carbon-platform/web/src/app/ui/kit.ts:86:2:
[37m      86 │   [32mimports[37m: [Icon],
         ╵   [32m~~~~~~~[0m


Watch mode enabled. Watching for file changes...
NOTE: Raw file sizes do not reflect development server per-request transformations.
  [32m➜[39m  [1mLocal[22m:   [36mhttp://localhost:[1m4200[22m/[39m
❯ Changes detected. Rebuilding...
✔ Changes detected. Rebuilding...
Initial chunk files | Names                |  Raw size
chunk-7BXOZ3ON.js   | -                    |  81.97 kB | 
main.js             | main                 |  71.62 kB | 

Lazy chunk files    | Names                |  Raw size
chunk-G5BTT5F6.js   | sampling-routes      | 299.91 kB | 
chunk-N7BD4OH6.js   | fields-routes        | 264.49 kB | 
chunk-XHHWSSAY.js   | lab-routes           | 260.20 kB | 
chunk-4KQXKCQS.js   | calculations-routes  | 234.82 kB | 
chunk-VE5SF6OH.js   | methodology-routes   | 194.33 kB | 
chunk-GPP4WGRW.js   | benefits-routes      | 191.16 kB | 
chunk-L3PN3T6G.js   | models-routes        | 188.52 kB | 
chunk-5775W5GQ.js   | programmes-routes    | 185.25 kB | 
chunk-4HGMKTNP.js   | farmers-routes       | 178.73 kB | 
chunk-VHW7PI3R.js   | verifier-routes      | 160.91 kB | 
chunk-MJ7GQQLU.js   | farmer-portal-routes | 156.69 kB | 
chunk-XT7HQQQP.js   | supporting-routes    | 147.34 kB | 
chunk-2BVRMBGK.js   | practices-routes     | 144.69 kB | 
chunk-ATY36EGY.js   | partners-routes      | 132.38 kB | 
chunk-TX5BNSQ3.js   | verification-routes  | 129.97 kB | 
...and 17 more lazy chunks files. Use "--verbose" to show all the files.

Application bundle generation complete. [13.886 seconds] - 2026-09-30T12:16:57.232Z

Page reload sent to client(s).
❯ Changes detected. Rebuilding...
✔ Changes detected. Rebuilding...
Initial chunk files | Names          | Raw size
main.js             | main           | 71.62 kB | 

Lazy chunk files    | Names          | Raw size
chunk-NUZQYO3Z.js   | quality-routes | 74.93 kB | 

Application bundle generation complete. [1.631 seconds] - 2026-09-30T12:30:51.482Z

Component update sent to client(s).
❯ Changes detected. Rebuilding...
✔ Changes detected. Rebuilding...
Initial chunk files | Names             |  Raw size
main.js             | main              |  71.62 kB | 

Lazy chunk files    | Names             |  Raw size
chunk-IJYSBVUH.js   | field-app-routes  | 316.20 kB | 
chunk-77KISMSI.js   | sampling-routes   | 299.91 kB | 
chunk-7UJHGCIK.js   | fields-routes     | 264.49 kB | 
chunk-VEFBEBDD.js   | models-routes     | 188.52 kB | 
chunk-66OKVUYY.js   | supporting-routes | 147.34 kB | 
chunk-HLWLYPIZ.js   | overview-routes   |  88.95 kB | 
chunk-4VOSVHYY.js   | -                 |  11.93 kB | 

Application bundle generation complete. [1.441 seconds] - 2026-09-30T12:32:21.880Z

Page reload sent to client(s).
[2m6:04:18 PM[22m [33m[1m[vite][22m[39m [33m[2m(client)[22m[39m [2m[console.warn] [22mNG0956: The configured tracking expression (track by identity) caused re-creation of the entire collection of size 1. This is an expensive operation requiring destruction and subsequent creation of DOM nodes, directives, components etc. Please review the "track expression" and make sure that it uniquely identifies items in a collection. Find more at https://v22.angular.dev/errors/NG0956
❯ Changes detected. Rebuilding...
✔ Changes detected. Rebuilding...
Initial chunk files | Names               |  Raw size
main.js             | main                |  71.62 kB | 
chunk-Y3GO5KWS.js   | -                   |   2.02 kB | 

Lazy chunk files    | Names               |  Raw size
chunk-G4RLV3SP.js   | sampling-routes     | 299.91 kB | 
chunk-NVHPBAFB.js   | fields-routes       | 264.49 kB | 
chunk-P6BKH37W.js   | lab-routes          | 260.20 kB | 
chunk-TB5CL7VE.js   | calculations-routes | 234.82 kB | 
chunk-4MVLOFUJ.js   | methodology-routes  | 194.33 kB | 
chunk-FNNH6FH4.js   | models-routes       | 188.52 kB | 
chunk-5HVB36T7.js   | programmes-routes   | 185.25 kB | 
chunk-IC7F4CO3.js   | supporting-routes   | 147.34 kB | 
chunk-ZHOR6VOT.js   | practices-routes    | 144.69 kB | 
chunk-DFWOMVV5.js   | partners-routes     | 132.38 kB | 
chunk-P5QHSYYJ.js   | verification-routes | 129.97 kB | 
chunk-PZJIWO2F.js   | credits-routes      | 124.40 kB | 
chunk-MVNUZXB6.js   | overview-routes     |  88.95 kB | 
chunk-O65PBGOL.js   | risk-routes         |  87.20 kB | 
chunk-SVSV7G5T.js   | satellite-routes    |  81.93 kB | 
...and 1 more lazy chunks files. Use "--verbose" to show all the files.

Application bundle generation complete. [0.669 seconds] - 2026-09-30T12:35:39.201Z

Page reload sent to client(s).
